C51 COMPILER V9.57.0.0   DISPLAY                                                           04/09/2018 19:43:40 PAGE 1   


C51 COMPILER V9.57.0.0, COMPILATION OF MODULE DISPLAY
OBJECT MODULE PLACED IN .\Objects\display.obj
COMPILER INVOKED BY: C:\Keil_v5\C51\BIN\C51.EXE display.c OPTIMIZE(8,SPEED) BROWSE DEBUG OBJECTEXTEND PRINT(.\Listings\d
                    -isplay.lst) TABS(2) OBJECT(.\Objects\display.obj)

line level    source

   1          // Program for LCD Interfacing with 8051 Microcontroller (AT89S52) 
   2          
   3          #include<reg51.h>
   4          #define display_port P2      //Data pins connected to port 2 on microcontroller
   5          sbit rs = P0^2;             //RS pin connected to pin 2 of port 3
   6          sbit rw = P0^3;             // RW pin connected to pin 3 of port 3
   7          sbit e =  P0^4;             //E pin connected to pin 4 of port 3
   8          
   9          void msdelay(unsigned int time)  // Function for creating delay in milliseconds.
  10          {
  11   1          unsigned i,j ;
  12   1          for(i=0;i<time;i++)    
  13   1          for(j=0;j<1275;j++);
  14   1      }
  15          void lcd_cmd(unsigned char command)  //Function to send command instruction to LCD
  16          {
  17   1          display_port = command;
  18   1          rs= 0;
  19   1          rw=0;
  20   1          e=1;
  21   1          msdelay(1);
  22   1          e=0;
  23   1      }
  24          
  25          void lcd_data(unsigned char disp_data)  //Function to send display data to LCD
  26          {
  27   1          display_port = disp_data;
  28   1          rs= 1;
  29   1          rw=0;
  30   1          e=1;
  31   1          msdelay(1);
  32   1          e=0;
  33   1      }
  34          
  35           void lcd_start()    //Function to prepare the LCD  and get it ready
  36          {
  37   1          lcd_cmd(0x38);  // for using 2 lines and 5X7 matrix of LCD
  38   1          msdelay(10);
  39   1          lcd_cmd(0x0F);  // turn display ON, cursor blinking
  40   1          msdelay(10);
  41   1          lcd_cmd(0x01);  //clear screen
  42   1          msdelay(10);
  43   1          lcd_cmd(0x80);  // bring cursor to position 1 of line 1
  44   1          msdelay(10);
  45   1      }
  46          
  47           void lcd_start2()    //Function to prepare the LCD  and get it ready
  48          {
  49   1          lcd_cmd(0x38);  // for using 2 lines and 5X7 matrix of LCD
  50   1          msdelay(10);
  51   1          //lcd_cmd(0x0F);  // turn display ON, cursor blinking
  52   1          //msdelay(10);
  53   1          //lcd_cmd(0x01);  //clear screen
  54   1          //msdelay(10);
C51 COMPILER V9.57.0.0   DISPLAY                                                           04/09/2018 19:43:40 PAGE 2   

  55   1          lcd_cmd(0xC0);  // bring cursor to position 1 of line 2
  56   1          msdelay(10);
  57   1          
  58   1      } 
  59          
  60          void main()
  61          {
  62   1        while(1)
  63   1        {
  64   2          unsigned char a[25]="GULLU BHAI AVYA CHE",b[25]="DUM DADAKA KREYA CHE";    //string of 14 characters w
             -ith a null terminator.
  65   2          int l=0,m=0;
  66   2          lcd_start();
  67   2          while(a[l] != '\0') // searching the null terminator in the sentence
  68   2          {
  69   3              lcd_data(a[l]);
  70   3              l++;
  71   3              msdelay(15);
  72   3          }
  73   2          lcd_start2();
  74   2          while(b[m] != '\0')
  75   2          {
  76   3            lcd_data(b[m]);
  77   3            m++;
  78   3            msdelay(15);
  79   3          }
  80   2        }
  81   1      }
  82          
  83           


MODULE INFORMATION:   STATIC OVERLAYABLE
   CODE SIZE        =    228    ----
   CONSTANT SIZE    =     50    ----
   XDATA SIZE       =   ----    ----
   PDATA SIZE       =   ----    ----
   DATA SIZE        =   ----      54
   IDATA SIZE       =   ----    ----
   BIT SIZE         =   ----    ----
END OF MODULE INFORMATION.


C51 COMPILATION COMPLETE.  0 WARNING(S),  0 ERROR(S)
