BL51 BANKED LINKER/LOCATER V6.22.2.0                                                    03/10/2018  23:58:20  PAGE 1


BL51 BANKED LINKER/LOCATER V6.22.2.0, INVOKED BY:
C:\KEIL_V5\C51\BIN\BL51.EXE .\Objects\STARTUP.obj, .\Objects\test_ADC.obj TO .\Objects\adc test PRINT (.\Listings\adc te
>> st.m51) RAMSIZE (256)


MEMORY MODEL: SMALL


INPUT MODULES INCLUDED:
  .\Objects\STARTUP.obj (?C_STARTUP)
  .\Objects\test_ADC.obj (TEST_ADC)


LINK MAP OF MODULE:  .\Objects\adc test (?C_STARTUP)


            TYPE    BASE      LENGTH    RELOCATION   SEGMENT NAME
            -----------------------------------------------------

            * * * * * * *   D A T A   M E M O R Y   * * * * * * *
            REG     0000H     0008H     ABSOLUTE     "REG BANK 0"
            IDATA   0008H     0001H     UNIT         ?STACK

            * * * * * * *   C O D E   M E M O R Y   * * * * * * *
            CODE    0000H     0003H     ABSOLUTE     
                    0003H     07FDH                  *** GAP ***
            CODE    0800H     0025H     UNIT         ?PR?_DELAY?TEST_ADC
            CODE    0825H     001FH     UNIT         ?PR?MAIN?TEST_ADC
            CODE    0844H     000CH     UNIT         ?C_C51STARTUP



OVERLAY MAP OF MODULE:   .\Objects\adc test (?C_STARTUP)


SEGMENT
  +--> CALLED SEGMENT
---------------------
?C_C51STARTUP
  +--> ?PR?MAIN?TEST_ADC

?PR?MAIN?TEST_ADC
  +--> ?PR?_DELAY?TEST_ADC



SYMBOL TABLE OF MODULE:  .\Objects\adc test (?C_STARTUP)

  VALUE           TYPE          NAME
  ----------------------------------

  -------         MODULE        ?C_STARTUP
  C:0844H         SEGMENT       ?C_C51STARTUP
  I:0008H         SEGMENT       ?STACK
  C:0000H         PUBLIC        ?C_STARTUP
  D:00E0H         SYMBOL        ACC
  D:00F0H         SYMBOL        B
  D:0083H         SYMBOL        DPH
BL51 BANKED LINKER/LOCATER V6.22.2.0                                                  03/10/2018  23:58:20  PAGE 2


  D:0082H         SYMBOL        DPL
  N:0000H         SYMBOL        IBPSTACK
  N:0100H         SYMBOL        IBPSTACKTOP
  N:0080H         SYMBOL        IDATALEN
  C:0847H         SYMBOL        IDATALOOP
  N:0000H         SYMBOL        PBPSTACK
  N:0100H         SYMBOL        PBPSTACKTOP
  N:0000H         SYMBOL        PDATALEN
  N:0000H         SYMBOL        PDATASTART
  N:0000H         SYMBOL        PPAGE
  N:0000H         SYMBOL        PPAGEENABLE
  D:00A0H         SYMBOL        PPAGE_SFR
  D:0081H         SYMBOL        SP
  C:0844H         SYMBOL        STARTUP1
  N:0000H         SYMBOL        XBPSTACK
  N:0000H         SYMBOL        XBPSTACKTOP
  N:0000H         SYMBOL        XDATALEN
  N:0000H         SYMBOL        XDATASTART
  C:0000H         LINE#         126
  C:0844H         LINE#         133
  C:0846H         LINE#         134
  C:0847H         LINE#         135
  C:0848H         LINE#         136
  C:084AH         LINE#         185
  C:084DH         LINE#         196
  -------         ENDMOD        ?C_STARTUP

  -------         MODULE        TEST_ADC
  C:0000H         SYMBOL        _ICE_DUMMY_
  D:0080H         PUBLIC        P0
  C:0800H         PUBLIC        _delay
  C:0825H         PUBLIC        main
  B:0080H.3       PUBLIC        intr_adc
  B:0080H.1       PUBLIC        rd_adc
  B:0080H.2       PUBLIC        wr_adc
  -------         PROC          _DELAY
  D:0007H         SYMBOL        time
  -------         DO            
  D:0004H         SYMBOL        i
  D:0002H         SYMBOL        j
  -------         ENDDO         
  C:0800H         LINE#         8
  C:0800H         LINE#         9
  C:0800H         LINE#         11
  C:080FH         LINE#         12
  C:0824H         LINE#         13
  -------         ENDPROC       _DELAY
  -------         PROC          MAIN
  C:0825H         LINE#         15
  C:0825H         LINE#         16
  C:0825H         LINE#         17
  C:0827H         LINE#         18
  C:0829H         LINE#         19
  C:082BH         LINE#         20
  C:082BH         LINE#         21
  C:082BH         LINE#         22
  C:082DH         LINE#         23
BL51 BANKED LINKER/LOCATER V6.22.2.0                                                  03/10/2018  23:58:20  PAGE 3


  C:0832H         LINE#         24
  C:0834H         LINE#         25
  C:0837H         LINE#         26
  C:0839H         LINE#         27
  C:083EH         LINE#         28
  C:0840H         LINE#         29
  C:0842H         LINE#         30
  -------         ENDPROC       MAIN
  -------         ENDMOD        TEST_ADC

******************************************************************************
* RESTRICTED VERSION WITH 0800H BYTE CODE SIZE LIMIT; USED: 0053H BYTE ( 4%) *
******************************************************************************

Program Size: data=9.0 xdata=0 code=83
LINK/LOCATE RUN COMPLETE.  0 WARNING(S),  0 ERROR(S)
