C51 COMPILER V9.57.0.0   THERMOS                                                           03/12/2018 16:12:40 PAGE 1   


C51 COMPILER V9.57.0.0, COMPILATION OF MODULE THERMOS
OBJECT MODULE PLACED IN .\Objects\thermos.obj
COMPILER INVOKED BY: C:\Keil_v5\C51\BIN\C51.EXE thermos.c OPTIMIZE(8,SPEED) BROWSE DEBUG OBJECTEXTEND PRINT(.\Listings\t
                    -hermos.lst) TABS(2) OBJECT(.\Objects\thermos.obj)

line level    source

   1          #include<reg51.h>
   2          #include<stdio.h>
   3          #include <math.h>
   4          sbit rs_lcd = P0^2; 
   5          sbit rw_lcd = P0^1;
   6          sbit en_lcd = P0^0;
   7          sbit chip_select = P0^3;
   8          sbit rd_adc = P0^4;
   9          sbit wr_adc = P0^5;
  10          sbit intr = P0^6;
  11          unsigned char i,j;
  12          void delay(int time)
  13          {
  14   1        int i,j;
  15   1        for(i=0;i<time;i++)
  16   1        for(j=0;j<=1275;j++);
  17   1      }
  18          void lcd_cmd(unsigned char x)
  19          {
  20   1        rs_lcd=0;
  21   1        rw_lcd=0;
  22   1        P2=x;
  23   1        en_lcd=1;
  24   1        delay(1);
  25   1        en_lcd=0;
  26   1      }
  27          
  28          void lcd_ini()
  29          {
  30   1        lcd_cmd(0x38);
  31   1        lcd_cmd(0x01);
  32   1        lcd_cmd(0x06);
  33   1        lcd_cmd(0x0C);
  34   1        lcd_cmd(0x80);
  35   1      }
  36          
  37          void lcd_data(unsigned char x)
  38          {
  39   1        rs_lcd=1;
  40   1        rw_lcd=0;
  41   1        P2=x;
  42   1        en_lcd=1;
  43   1        delay(1);
  44   1        en_lcd=0;
  45   1      }
  46            
  47          void convertprint(unsigned char x)
  48          {
  49   1        unsigned char x1,x2,x3;
  50   1        lcd_cmd(0xC0); 
  51   1        x1=x/10;
  52   1        x1=x1+(0x30);
  53   1        x2=x%10;
  54   1        x2=x2+(0x30);
C51 COMPILER V9.57.0.0   THERMOS                                                           03/12/2018 16:12:40 PAGE 2   

  55   1        x3=0xDF;
  56   1        lcd_data(x1);
  57   1        lcd_data(x2);
  58   1        lcd_data(x3);
  59   1        lcd_data('C');
  60   1      }
  61          
  62          void main()
  63          {
  64   1        
  65   1        unsigned char value;
  66   1        unsigned char a[]="TEMPARATURE: ";
  67   1        chip_select=1;
  68   1        P1=0xFF;
  69   1        P2=0x00;
  70   1        lcd_ini();
  71   1        i=0;
  72   1        for(i=0;i<13;i++)
  73   1        {
  74   2          lcd_data(a[i]);
  75   2          delay(1);
  76   2        }
  77   1        intr=1;
  78   1        rd_adc = 1;
  79   1        wr_adc=1;
  80   1        while(1)
  81   1        {
  82   2          wr_adc = 0;
  83   2          delay(1);
  84   2          wr_adc = 1;
  85   2          while(intr==1);
  86   2          rd_adc = 0;
  87   2          value=P1;
  88   2          convertprint(value);
  89   2          delay(100);
  90   2          rd_adc = 1; 
  91   2        }
  92   1      }


MODULE INFORMATION:   STATIC OVERLAYABLE
   CODE SIZE        =    232    ----
   CONSTANT SIZE    =     14    ----
   XDATA SIZE       =   ----    ----
   PDATA SIZE       =   ----    ----
   DATA SIZE        =      2      16
   IDATA SIZE       =   ----    ----
   BIT SIZE         =   ----    ----
END OF MODULE INFORMATION.


C51 COMPILATION COMPLETE.  0 WARNING(S),  0 ERROR(S)
