C51 COMPILER V9.57.0.0   TRAFFIC_ALMOST                                                    03/02/2018 12:10:48 PAGE 1   


C51 COMPILER V9.57.0.0, COMPILATION OF MODULE TRAFFIC_ALMOST
OBJECT MODULE PLACED IN .\Objects\traffic_almost.obj
COMPILER INVOKED BY: C:\Keil_v5\C51\BIN\C51.EXE traffic_almost.c OPTIMIZE(8,SPEED) BROWSE DEBUG OBJECTEXTEND PRINT(.\Lis
                    -tings\traffic_almost.lst) TABS(2) OBJECT(.\Objects\traffic_almost.obj)

line level    source

   1          #include<stdio.h>
   2          #include<reg51.h>
   3          void delay(unsigned int);       
   4          void count1(void);    
   5          void count2(void);
   6          sbit NR=P0^0; sbit NY=P0^1; sbit NG=P0^2; 
   7          sbit ER=P0^4; sbit EY=P0^5; sbit EG=P0^6;
   8          sbit WRR=P1^0; sbit WY=P1^1; sbit WG=P1^2; 
   9          sbit SR=P1^4; sbit SY=P1^5; sbit SG=P1^6; 
  10          unsigned char a[]={0x3F,0x06,0x5B,0x4F,0x66,0x6D,0x7D,0x07,0x7F,0x67};
  11          unsigned char b[]={0x3F,0x06,0x5B};
  12          unsigned int i,j;             
  13          
  14          void main()                           
  15            {
  16   1          P3=0xC0;
  17   1          P2=0xC0;
  18   1           NR=1; NY=1; NG=0;       
  19   1           SR=1; SY=1; SG=0;         
  20   1           ER=0; EY=1; EG=1;        
  21   1           WRR=0; WY=1; WG=1;
  22   1           count1();                            
  23   1           NR=1; NY=1; NG=0;    
  24   1           SR=1; SY=1; SG=0;      
  25   1           ER=1; EY=0; EG=1;     
  26   1           WRR=1; WY=0; WG=1;
  27   1          count2();                         
  28   1           NR=0; NY=1; NG=1;      
  29   1           SR=0; SY=1; SG=1;       
  30   1           ER=1; EY=1; EG=0;     
  31   1           WRR=1; WY=1; WG=0;
  32   1           count1();
  33   1           NR=1; NY=0; NG=1;     
  34   1           SR=1; SY=0; SG=1;
  35   1           ER=1; EY=1; EG=0;      
  36   1           WRR=1; WY=1; WG=0;
  37   1           count2();
  38   1         }
  39            
  40             
  41            void count1(void)     
  42              {
  43   1            P0=~0x4F;
  44   1            P1=~0x3F;
  45   1            delay(100);
  46   1            for(j=2;j>=0;j--)
  47   1            {
  48   2              P0=~b[j];
  49   2              for(i=9;i>=0;i--)
  50   2              {
  51   3               P1=~a[i];
  52   3               delay(100);
  53   3              }
  54   2            }
C51 COMPILER V9.57.0.0   TRAFFIC_ALMOST                                                    03/02/2018 12:10:48 PAGE 2   

  55   1          }
  56              
  57              
  58            void count2(void) {
  59   1            delay(300);
  60   1          }
  61              
  62              
  63              
  64            void delay(unsigned int time)   {   
  65   1          
  66   1            for(i=0;i<time;i++)     
  67   1             {
  68   2               for(j=0;j<1275;j++);
  69   2             }
  70   1          }


MODULE INFORMATION:   STATIC OVERLAYABLE
   CODE SIZE        =    248    ----
   CONSTANT SIZE    =   ----    ----
   XDATA SIZE       =   ----    ----
   PDATA SIZE       =   ----    ----
   DATA SIZE        =     17    ----
   IDATA SIZE       =   ----    ----
   BIT SIZE         =   ----    ----
END OF MODULE INFORMATION.


C51 COMPILATION COMPLETE.  0 WARNING(S),  0 ERROR(S)
