BL51 BANKED LINKER/LOCATER V6.22.2.0                                                    03/02/2018  10:53:00  PAGE 1


BL51 BANKED LINKER/LOCATER V6.22.2.0, INVOKED BY:
C:\KEIL_V5\C51\BIN\BL51.EXE .\Objects\STARTUP.obj, .\Objects\testt.obj TO .\Objects\test PRINT (.\Listings\test.m51) RAM
>> SIZE (256)


MEMORY MODEL: SMALL


INPUT MODULES INCLUDED:
  .\Objects\STARTUP.obj (?C_STARTUP)
  .\Objects\testt.obj (TESTT)


LINK MAP OF MODULE:  .\Objects\test (?C_STARTUP)


            TYPE    BASE      LENGTH    RELOCATION   SEGMENT NAME
            -----------------------------------------------------

            * * * * * * *   D A T A   M E M O R Y   * * * * * * *
            REG     0000H     0008H     ABSOLUTE     "REG BANK 0"
            IDATA   0008H     0001H     UNIT         ?STACK

            * * * * * * *   C O D E   M E M O R Y   * * * * * * *
            CODE    0000H     0003H     ABSOLUTE     
                    0003H     07FDH                  *** GAP ***
            CODE    0800H     0020H     UNIT         ?PR?_DELAY?TESTT
            CODE    0820H     000FH     UNIT         ?PR?MAIN?TESTT
            CODE    082FH     000CH     UNIT         ?C_C51STARTUP



OVERLAY MAP OF MODULE:   .\Objects\test (?C_STARTUP)


SEGMENT
  +--> CALLED SEGMENT
---------------------
?C_C51STARTUP
  +--> ?PR?MAIN?TESTT

?PR?MAIN?TESTT
  +--> ?PR?_DELAY?TESTT



SYMBOL TABLE OF MODULE:  .\Objects\test (?C_STARTUP)

  VALUE           TYPE          NAME
  ----------------------------------

  -------         MODULE        ?C_STARTUP
  C:082FH         SEGMENT       ?C_C51STARTUP
  I:0008H         SEGMENT       ?STACK
  C:0000H         PUBLIC        ?C_STARTUP
  D:00E0H         SYMBOL        ACC
  D:00F0H         SYMBOL        B
  D:0083H         SYMBOL        DPH
BL51 BANKED LINKER/LOCATER V6.22.2.0                                                  03/02/2018  10:53:00  PAGE 2


  D:0082H         SYMBOL        DPL
  N:0000H         SYMBOL        IBPSTACK
  N:0100H         SYMBOL        IBPSTACKTOP
  N:0080H         SYMBOL        IDATALEN
  C:0832H         SYMBOL        IDATALOOP
  N:0000H         SYMBOL        PBPSTACK
  N:0100H         SYMBOL        PBPSTACKTOP
  N:0000H         SYMBOL        PDATALEN
  N:0000H         SYMBOL        PDATASTART
  N:0000H         SYMBOL        PPAGE
  N:0000H         SYMBOL        PPAGEENABLE
  D:00A0H         SYMBOL        PPAGE_SFR
  D:0081H         SYMBOL        SP
  C:082FH         SYMBOL        STARTUP1
  N:0000H         SYMBOL        XBPSTACK
  N:0000H         SYMBOL        XBPSTACKTOP
  N:0000H         SYMBOL        XDATALEN
  N:0000H         SYMBOL        XDATASTART
  C:0000H         LINE#         126
  C:082FH         LINE#         133
  C:0831H         LINE#         134
  C:0832H         LINE#         135
  C:0833H         LINE#         136
  C:0835H         LINE#         185
  C:0838H         LINE#         196
  -------         ENDMOD        ?C_STARTUP

  -------         MODULE        TESTT
  C:0000H         SYMBOL        _ICE_DUMMY_
  D:0080H         PUBLIC        P0
  C:0800H         PUBLIC        _delay
  C:0820H         PUBLIC        main
  -------         PROC          _DELAY
  D:0006H         SYMBOL        t
  -------         DO            
  D:0004H         SYMBOL        i
  D:0002H         SYMBOL        j
  -------         ENDDO         
  C:0800H         LINE#         2
  C:0800H         LINE#         4
  C:080AH         LINE#         5
  -------         ENDPROC       _DELAY
  -------         PROC          MAIN
  C:0820H         LINE#         6
  C:0820H         LINE#         7
  C:0820H         LINE#         8
  C:0823H         LINE#         9
  C:082AH         LINE#         10
  -------         ENDPROC       MAIN
  -------         ENDMOD        TESTT

******************************************************************************
* RESTRICTED VERSION WITH 0800H BYTE CODE SIZE LIMIT; USED: 003EH BYTE ( 3%) *
******************************************************************************

Program Size: data=9.0 xdata=0 code=62
LINK/LOCATE RUN COMPLETE.  0 WARNING(S),  0 ERROR(S)
